// Jest Snapshot v1, https://goo.gl/fbAQLP

exports[`routes/Filters.tsx General should render itself & its children 1`] = `
<div
  class="flex h-screen flex-col"
  data-testid="filters"
>
  <div
    class="mx-8 mt-2 py-2"
  >
    <div
      class=" css-uwvn2m"
    >
      <div
        role="presentation"
      >
        <button
          class=" css-1hmr5rx"
          title="Go Back"
          type="button"
        >
          <span
            class=" css-1spmf3f"
          >
            <span
              aria-hidden="true"
              class="css-snhnyn"
              data-vc="icon-undefined"
              style="--icon-primary-color: currentColor; --icon-secondary-color: var(--ds-surface, #FFFFFF);"
            >
              <svg
                height="24"
                role="presentation"
                viewBox="0 0 24 24"
                width="24"
              >
                <path
                  clip-rule="evenodd"
                  d="M12.207 5.793a1 1 0 0 1 0 1.414L8.414 11H18a1 1 0 1 1 0 2H8.414l3.793 3.793a1 1 0 1 1-1.415 1.414l-5.499-5.5A1 1 0 0 1 5 12.028v-.057a1 1 0 0 1 .293-.678l5.499-5.5a1 1 0 0 1 1.415 0"
                  fill="currentcolor"
                  fill-rule="evenodd"
                />
              </svg>
            </span>
            <span
              class="css-b5o75w"
            >
              Go Back
            </span>
          </span>
        </button>
      </div>
      <h3
        class="css-rex7s6"
      >
        Filters
      </h3>
    </div>
  </div>
  <div
    class="flex-grow overflow-x-auto px-8"
  >
    <div
      class="css-2z3z2"
    >
      <div
        class="css-k5cxwk"
      >
        <div
          class="css-t8lj6l"
        >
          <h4
            class="css-1skdotg"
          >
            Category
          </h4>
          <div
            class="css-k5cxwk"
          >
            <label
              class="css-k8x29e"
            >
              <input
                class="css-f3myyk"
                name="direct"
                tabindex="0"
                type="checkbox"
                value=""
              />
              <svg
                class="css-1dr55qw"
                role="presentation"
                style="fill: var(--checkbox-tick-color);"
                viewBox="0 0 24 24"
              >
                <g
                  fill-rule="evenodd"
                >
                  <rect
                    fill="currentColor"
                    height="12"
                    rx="2"
                    width="12"
                    x="6"
                    y="6"
                  />
                </g>
              </svg>
              <span
                class="css-1odt9zb"
              >
                Direct
              </span>
            </label>
            <label
              class="css-k8x29e"
            >
              <input
                class="css-f3myyk"
                name="watching"
                tabindex="0"
                type="checkbox"
                value=""
              />
              <svg
                class="css-1dr55qw"
                role="presentation"
                style="fill: var(--checkbox-tick-color);"
                viewBox="0 0 24 24"
              >
                <g
                  fill-rule="evenodd"
                >
                  <rect
                    fill="currentColor"
                    height="12"
                    rx="2"
                    width="12"
                    x="6"
                    y="6"
                  />
                </g>
              </svg>
              <span
                class="css-1odt9zb"
              >
                Watching
              </span>
            </label>
          </div>
        </div>
      </div>
      <div
        class="css-k5cxwk"
      >
        <div
          class="css-t8lj6l"
        >
          <h4
            class="css-1skdotg"
          >
            Read State
          </h4>
          <div
            class="css-k5cxwk"
          >
            <label
              class="css-k8x29e"
            >
              <input
                class="css-f3myyk"
                name="unread"
                tabindex="0"
                type="checkbox"
                value=""
              />
              <svg
                class="css-1dr55qw"
                role="presentation"
                style="fill: var(--checkbox-tick-color);"
                viewBox="0 0 24 24"
              >
                <g
                  fill-rule="evenodd"
                >
                  <rect
                    fill="currentColor"
                    height="12"
                    rx="2"
                    width="12"
                    x="6"
                    y="6"
                  />
                </g>
              </svg>
              <span
                class="css-1odt9zb"
              >
                Unread
              </span>
            </label>
            <label
              class="css-k8x29e"
            >
              <input
                class="css-f3myyk"
                name="read"
                tabindex="0"
                type="checkbox"
                value=""
              />
              <svg
                class="css-1dr55qw"
                role="presentation"
                style="fill: var(--checkbox-tick-color);"
                viewBox="0 0 24 24"
              >
                <g
                  fill-rule="evenodd"
                >
                  <rect
                    fill="currentColor"
                    height="12"
                    rx="2"
                    width="12"
                    x="6"
                    y="6"
                  />
                </g>
              </svg>
              <span
                class="css-1odt9zb"
              >
                Read
              </span>
            </label>
          </div>
        </div>
      </div>
      <div
        class="css-k5cxwk"
      >
        <div
          class="css-t8lj6l"
        >
          <h4
            class="css-1skdotg"
          >
            Products
          </h4>
          <div
            class="css-k5cxwk"
          >
            <label
              class="css-k8x29e"
            >
              <input
                class="css-f3myyk"
                name="bitbucket"
                tabindex="0"
                type="checkbox"
                value=""
              />
              <svg
                class="css-1dr55qw"
                role="presentation"
                style="fill: var(--checkbox-tick-color);"
                viewBox="0 0 24 24"
              >
                <g
                  fill-rule="evenodd"
                >
                  <rect
                    fill="currentColor"
                    height="12"
                    rx="2"
                    width="12"
                    x="6"
                    y="6"
                  />
                </g>
              </svg>
              <span
                class="css-1odt9zb"
              >
                Bitbucket
              </span>
            </label>
            <label
              class="css-k8x29e"
            >
              <input
                class="css-f3myyk"
                name="compass"
                tabindex="0"
                type="checkbox"
                value=""
              />
              <svg
                class="css-1dr55qw"
                role="presentation"
                style="fill: var(--checkbox-tick-color);"
                viewBox="0 0 24 24"
              >
                <g
                  fill-rule="evenodd"
                >
                  <rect
                    fill="currentColor"
                    height="12"
                    rx="2"
                    width="12"
                    x="6"
                    y="6"
                  />
                </g>
              </svg>
              <span
                class="css-1odt9zb"
              >
                Compass
              </span>
            </label>
            <label
              class="css-k8x29e"
            >
              <input
                class="css-f3myyk"
                name="confluence"
                tabindex="0"
                type="checkbox"
                value=""
              />
              <svg
                class="css-1dr55qw"
                role="presentation"
                style="fill: var(--checkbox-tick-color);"
                viewBox="0 0 24 24"
              >
                <g
                  fill-rule="evenodd"
                >
                  <rect
                    fill="currentColor"
                    height="12"
                    rx="2"
                    width="12"
                    x="6"
                    y="6"
                  />
                </g>
              </svg>
              <span
                class="css-1odt9zb"
              >
                Confluence
              </span>
            </label>
            <label
              class="css-k8x29e"
            >
              <input
                class="css-f3myyk"
                name="jira"
                tabindex="0"
                type="checkbox"
                value=""
              />
              <svg
                class="css-1dr55qw"
                role="presentation"
                style="fill: var(--checkbox-tick-color);"
                viewBox="0 0 24 24"
              >
                <g
                  fill-rule="evenodd"
                >
                  <rect
                    fill="currentColor"
                    height="12"
                    rx="2"
                    width="12"
                    x="6"
                    y="6"
                  />
                </g>
              </svg>
              <span
                class="css-1odt9zb"
              >
                Jira
              </span>
            </label>
            <label
              class="css-k8x29e"
            >
              <input
                class="css-f3myyk"
                name="jira product discovery"
                tabindex="0"
                type="checkbox"
                value=""
              />
              <svg
                class="css-1dr55qw"
                role="presentation"
                style="fill: var(--checkbox-tick-color);"
                viewBox="0 0 24 24"
              >
                <g
                  fill-rule="evenodd"
                >
                  <rect
                    fill="currentColor"
                    height="12"
                    rx="2"
                    width="12"
                    x="6"
                    y="6"
                  />
                </g>
              </svg>
              <span
                class="css-1odt9zb"
              >
                Jira Product Discovery
              </span>
            </label>
            <label
              class="css-k8x29e"
            >
              <input
                class="css-f3myyk"
                name="jira service management"
                tabindex="0"
                type="checkbox"
                value=""
              />
              <svg
                class="css-1dr55qw"
                role="presentation"
                style="fill: var(--checkbox-tick-color);"
                viewBox="0 0 24 24"
              >
                <g
                  fill-rule="evenodd"
                >
                  <rect
                    fill="currentColor"
                    height="12"
                    rx="2"
                    width="12"
                    x="6"
                    y="6"
                  />
                </g>
              </svg>
              <span
                class="css-1odt9zb"
              >
                Jira Service Management
              </span>
            </label>
            <label
              class="css-k8x29e"
            >
              <input
                class="css-f3myyk"
                name="unknown"
                tabindex="0"
                type="checkbox"
                value=""
              />
              <svg
                class="css-1dr55qw"
                role="presentation"
                style="fill: var(--checkbox-tick-color);"
                viewBox="0 0 24 24"
              >
                <g
                  fill-rule="evenodd"
                >
                  <rect
                    fill="currentColor"
                    height="12"
                    rx="2"
                    width="12"
                    x="6"
                    y="6"
                  />
                </g>
              </svg>
              <span
                class="css-1odt9zb"
              >
                Unknown
              </span>
            </label>
          </div>
        </div>
      </div>
    </div>
  </div>
  <div
    class="text-sm bg-gray-200 dark:bg-gray-darker"
  >
    <div
      class="css-am7nxq"
    >
      <div
        class="css-hugz22"
      >
        <button
          class=" css-sxpr96"
          title="Clear filters"
          type="button"
        >
          <span
            class=" css-1nqby2s"
          >
            Clear filters
          </span>
        </button>
      </div>
    </div>
  </div>
</div>
`;
