// Jest Snapshot v1, https://goo.gl/fbAQLP

exports[`renderer/components/primitives/Header.tsx should render itself & its children 1`] = `
{
  "asFragment": [Function],
  "baseElement": <body>
    <div>
      <div
        class="css-18bes35"
      >
        <div
          class="css-y272c0"
        >
          <div
            role="presentation"
          >
            <button
              class="css-1t6wxle"
              data-testid="header-nav-back"
              type="button"
            >
              <span
                class="css-1spmf3f"
              >
                <span
                  aria-hidden="true"
                  class="css-kxjlgc"
                  style="color: currentColor;"
                >
                  <svg
                    class="css-1t4wpzr"
                    fill="none"
                    role="presentation"
                    viewBox="0 0 16 16"
                  >
                    <path
                      clip-rule="evenodd"
                      d="m1.22 7.47 5-5 1.06 1.06-3.72 3.72H15v1.5H3.56l3.72 3.72-1.06 1.06-5-5a.75.75 0 0 1 0-1.06"
                      fill="currentcolor"
                      fill-rule="evenodd"
                    />
                  </svg>
                </span>
                <span
                  class="css-b5o75w"
                >
                  Go Back
                </span>
              </span>
            </button>
          </div>
          <h3
            class="css-rex7s6"
          >
            Test Header
          </h3>
        </div>
      </div>
    </div>
  </body>,
  "container": <div>
    <div
      class="css-18bes35"
    >
      <div
        class="css-y272c0"
      >
        <div
          role="presentation"
        >
          <button
            class="css-1t6wxle"
            data-testid="header-nav-back"
            type="button"
          >
            <span
              class="css-1spmf3f"
            >
              <span
                aria-hidden="true"
                class="css-kxjlgc"
                style="color: currentColor;"
              >
                <svg
                  class="css-1t4wpzr"
                  fill="none"
                  role="presentation"
                  viewBox="0 0 16 16"
                >
                  <path
                    clip-rule="evenodd"
                    d="m1.22 7.47 5-5 1.06 1.06-3.72 3.72H15v1.5H3.56l3.72 3.72-1.06 1.06-5-5a.75.75 0 0 1 0-1.06"
                    fill="currentcolor"
                    fill-rule="evenodd"
                  />
                </svg>
              </span>
              <span
                class="css-b5o75w"
              >
                Go Back
              </span>
            </span>
          </button>
        </div>
        <h3
          class="css-rex7s6"
        >
          Test Header
        </h3>
      </div>
    </div>
  </div>,
  "debug": [Function],
  "findAllByAltText": [Function],
  "findAllByDisplayValue": [Function],
  "findAllByLabelText": [Function],
  "findAllByPlaceholderText": [Function],
  "findAllByRole": [Function],
  "findAllByTestId": [Function],
  "findAllByText": [Function],
  "findAllByTitle": [Function],
  "findByAltText": [Function],
  "findByDisplayValue": [Function],
  "findByLabelText": [Function],
  "findByPlaceholderText": [Function],
  "findByRole": [Function],
  "findByTestId": [Function],
  "findByText": [Function],
  "findByTitle": [Function],
  "getAllByAltText": [Function],
  "getAllByDisplayValue": [Function],
  "getAllByLabelText": [Function],
  "getAllByPlaceholderText": [Function],
  "getAllByRole": [Function],
  "getAllByTestId": [Function],
  "getAllByText": [Function],
  "getAllByTitle": [Function],
  "getByAltText": [Function],
  "getByDisplayValue": [Function],
  "getByLabelText": [Function],
  "getByPlaceholderText": [Function],
  "getByRole": [Function],
  "getByTestId": [Function],
  "getByText": [Function],
  "getByTitle": [Function],
  "queryAllByAltText": [Function],
  "queryAllByDisplayValue": [Function],
  "queryAllByLabelText": [Function],
  "queryAllByPlaceholderText": [Function],
  "queryAllByRole": [Function],
  "queryAllByTestId": [Function],
  "queryAllByText": [Function],
  "queryAllByTitle": [Function],
  "queryByAltText": [Function],
  "queryByDisplayValue": [Function],
  "queryByLabelText": [Function],
  "queryByPlaceholderText": [Function],
  "queryByRole": [Function],
  "queryByTestId": [Function],
  "queryByText": [Function],
  "queryByTitle": [Function],
  "rerender": [Function],
  "unmount": [Function],
}
`;
