// Jest Snapshot v1, https://goo.gl/fbAQLP

exports[`renderer/components/primitives/Header.tsx should render itself & its children 1`] = `
{
  "asFragment": [Function],
  "baseElement": <body>
    <div>
      <div
        class="css-18bes35"
      >
        <div
          class="css-y272c0"
        >
          <div
            role="presentation"
          >
            <button
              class="css-1t6wxle"
              data-testid="header-nav-back"
              type="button"
            >
              <span
                class="css-1spmf3f"
              >
                <span
                  aria-hidden="true"
                  class="css-snhnyn"
                  data-vc="icon-undefined"
                  style="--icon-primary-color: currentColor; --icon-secondary-color: var(--ds-surface, #FFFFFF);"
                >
                  <svg
                    height="24"
                    role="presentation"
                    viewBox="0 0 24 24"
                    width="24"
                  >
                    <path
                      clip-rule="evenodd"
                      d="M12.207 5.793a1 1 0 0 1 0 1.414L8.414 11H18a1 1 0 1 1 0 2H8.414l3.793 3.793a1 1 0 1 1-1.415 1.414l-5.499-5.5A1 1 0 0 1 5 12.028v-.057a1 1 0 0 1 .293-.678l5.499-5.5a1 1 0 0 1 1.415 0"
                      fill="currentcolor"
                      fill-rule="evenodd"
                    />
                  </svg>
                </span>
                <span
                  class="css-b5o75w"
                >
                  Go Back
                </span>
              </span>
            </button>
          </div>
          <h3
            class="css-rex7s6"
          >
            Test Header
          </h3>
        </div>
      </div>
    </div>
  </body>,
  "container": <div>
    <div
      class="css-18bes35"
    >
      <div
        class="css-y272c0"
      >
        <div
          role="presentation"
        >
          <button
            class="css-1t6wxle"
            data-testid="header-nav-back"
            type="button"
          >
            <span
              class="css-1spmf3f"
            >
              <span
                aria-hidden="true"
                class="css-snhnyn"
                data-vc="icon-undefined"
                style="--icon-primary-color: currentColor; --icon-secondary-color: var(--ds-surface, #FFFFFF);"
              >
                <svg
                  height="24"
                  role="presentation"
                  viewBox="0 0 24 24"
                  width="24"
                >
                  <path
                    clip-rule="evenodd"
                    d="M12.207 5.793a1 1 0 0 1 0 1.414L8.414 11H18a1 1 0 1 1 0 2H8.414l3.793 3.793a1 1 0 1 1-1.415 1.414l-5.499-5.5A1 1 0 0 1 5 12.028v-.057a1 1 0 0 1 .293-.678l5.499-5.5a1 1 0 0 1 1.415 0"
                    fill="currentcolor"
                    fill-rule="evenodd"
                  />
                </svg>
              </span>
              <span
                class="css-b5o75w"
              >
                Go Back
              </span>
            </span>
          </button>
        </div>
        <h3
          class="css-rex7s6"
        >
          Test Header
        </h3>
      </div>
    </div>
  </div>,
  "debug": [Function],
  "findAllByAltText": [Function],
  "findAllByDisplayValue": [Function],
  "findAllByLabelText": [Function],
  "findAllByPlaceholderText": [Function],
  "findAllByRole": [Function],
  "findAllByTestId": [Function],
  "findAllByText": [Function],
  "findAllByTitle": [Function],
  "findByAltText": [Function],
  "findByDisplayValue": [Function],
  "findByLabelText": [Function],
  "findByPlaceholderText": [Function],
  "findByRole": [Function],
  "findByTestId": [Function],
  "findByText": [Function],
  "findByTitle": [Function],
  "getAllByAltText": [Function],
  "getAllByDisplayValue": [Function],
  "getAllByLabelText": [Function],
  "getAllByPlaceholderText": [Function],
  "getAllByRole": [Function],
  "getAllByTestId": [Function],
  "getAllByText": [Function],
  "getAllByTitle": [Function],
  "getByAltText": [Function],
  "getByDisplayValue": [Function],
  "getByLabelText": [Function],
  "getByPlaceholderText": [Function],
  "getByRole": [Function],
  "getByTestId": [Function],
  "getByText": [Function],
  "getByTitle": [Function],
  "queryAllByAltText": [Function],
  "queryAllByDisplayValue": [Function],
  "queryAllByLabelText": [Function],
  "queryAllByPlaceholderText": [Function],
  "queryAllByRole": [Function],
  "queryAllByTestId": [Function],
  "queryAllByText": [Function],
  "queryAllByTitle": [Function],
  "queryByAltText": [Function],
  "queryByDisplayValue": [Function],
  "queryByLabelText": [Function],
  "queryByPlaceholderText": [Function],
  "queryByRole": [Function],
  "queryByTestId": [Function],
  "queryByText": [Function],
  "queryByTitle": [Function],
  "rerender": [Function],
  "unmount": [Function],
}
`;
