// Jest Snapshot v1, https://goo.gl/fbAQLP

exports[`renderer/routes/Login.tsx should render itself & its children 1`] = `
{
  "asFragment": [Function],
  "baseElement": <body>
    <div>
      <div
        class="css-18bes35"
      >
        <div
          class="css-y272c0"
        >
          <div
            role="presentation"
          >
            <button
              class="css-1t6wxle"
              data-testid="header-nav-back"
              type="button"
            >
              <span
                class="css-1spmf3f"
              >
                <span
                  aria-hidden="true"
                  class="css-kxjlgc"
                  style="color: currentColor;"
                >
                  <svg
                    class="css-1t4wpzr"
                    fill="none"
                    role="presentation"
                    viewBox="0 0 16 16"
                  >
                    <path
                      d="M15 8H2.25m4.5-5-5 5 5 5"
                      stroke="currentcolor"
                      stroke-linejoin="round"
                      stroke-width="1.5"
                    />
                  </svg>
                </span>
                <span
                  class="css-b5o75w"
                >
                  Go Back
                </span>
              </span>
            </button>
          </div>
          <h3
            class="css-rex7s6"
          >
            Login with Atlassian
          </h3>
        </div>
      </div>
      <div
        class="css-1rd5nai"
      >
        <form>
          <div
            class="css-1ub26k9"
          >
            <div
              class="css-11u50rl"
            >
              <div
                class="css-bsfd3j"
              >
                <label
                  class="font-bold text-sm text-gray-700"
                  for="username"
                >
                  Username
                </label>
                <span
                  class="text-red-500"
                >
                  *
                </span>
              </div>
              <div
                class="css-k5cxwk"
              >
                <input
                  class="border border-gray-400 rounded px-2 py-1 w-full"
                  id="username"
                  name="username"
                  required=""
                  type="text"
                />
              </div>
              <div
                class="css-k5cxwk"
              >
                <div
                  class="text-xs text-gray-500 mt-1"
                >
                  Your Atlassian username / email address
                </div>
              </div>
            </div>
            <div
              class="css-11u50rl"
            >
              <div
                class="css-bsfd3j"
              >
                <label
                  class="font-bold text-sm text-gray-700"
                  for="token"
                >
                  API Token
                </label>
                <span
                  class="text-red-500"
                >
                  *
                </span>
              </div>
              <div
                class="css-k5cxwk"
              >
                <input
                  class="border border-gray-400 rounded px-2 py-1 w-full"
                  id="token"
                  name="token"
                  required=""
                  type="password"
                />
              </div>
              <div
                class="css-bsfd3j"
              >
                <div
                  role="presentation"
                >
                  <button
                    class="css-9v2r3w"
                    data-testid="login-create-token"
                    type="button"
                  >
                    <span
                      class="css-12rb8n9"
                    >
                      <span
                        aria-hidden="true"
                        class="css-9693te"
                        style="color: currentColor;"
                      >
                        <svg
                          class="css-1a5x76h"
                          fill="none"
                          role="presentation"
                          viewBox="0 0 12 12"
                        >
                          <path
                            d="M8.813 11.25c.517 0 .937-.42.937-.937V7.187a.937.937 0 0 0-.937-.937H3.188a.937.937 0 0 0-.938.938v3.125c0 .517.42.937.938.937z"
                            fill="currentcolor"
                          />
                          <path
                            d="M3.75 6.25h-.562a.937.937 0 0 0-.938.938v3.125c0 .517.42.937.938.937h5.624c.518 0 .938-.42.938-.937V7.187a.937.937 0 0 0-.937-.937H8.25m-4.5 0V3a2.25 2.25 0 0 1 4.5 0v3.25m-4.5 0h4.5"
                            stroke="currentcolor"
                            stroke-linejoin="round"
                            stroke-width="1.5"
                          />
                        </svg>
                      </span>
                    </span>
                    <span
                      class="css-1nqby2s"
                    >
                      Create an API Token
                    </span>
                  </button>
                </div>
                <div
                  class="css-k5cxwk"
                >
                  <div
                    class="text-xs text-gray-500 mt-1"
                  >
                    for your account and paste above
                  </div>
                </div>
              </div>
            </div>
          </div>
          <div
            class="css-opqhvv"
          >
            <div
              class="css-1gbz6oi"
            >
              <div
                class="css-kxmhz3"
              >
                <div
                  class="css-k5cxwk"
                >
                  <div
                    role="presentation"
                  >
                    <button
                      class="css-vgqjed"
                      data-testid="login-docs"
                      type="button"
                    >
                      <span
                        class="css-12rb8n9"
                      >
                        <span
                          aria-hidden="true"
                          class="css-kxjlgc"
                          style="color: currentColor;"
                        >
                          <svg
                            class="css-1t4wpzr"
                            fill="none"
                            role="presentation"
                            viewBox="0 0 16 16"
                          >
                            <path
                              d="M6 1.75H3c-.69 0-1.25.56-1.25 1.25v10c0 .69.56 1.25 1.25 1.25h10c.69 0 1.25-.56 1.25-1.25v-3M7 9l6.75-6.75m.5 3.75V1.75H10"
                              stroke="currentcolor"
                              stroke-linejoin="round"
                              stroke-width="1.5"
                            />
                          </svg>
                        </span>
                      </span>
                      <span
                        class="css-1nqby2s"
                      >
                        Docs
                      </span>
                    </button>
                  </div>
                </div>
                <div
                  aria-label="Form submit options"
                  class="css-1oy5iav"
                  role="group"
                >
                  <button
                    class="css-eu6vk3"
                    data-testid="login-cancel"
                    type="button"
                  >
                    <span
                      class="css-1nqby2s"
                    >
                      Cancel
                    </span>
                  </button>
                  <button
                    class="css-1vvzp1k"
                    data-testid="login-submit"
                    type="submit"
                  >
                    <span
                      class="css-12rb8n9"
                    >
                      <span
                        aria-hidden="true"
                        class="css-kxjlgc"
                        style="color: currentColor;"
                      >
                        <svg
                          class="css-1t4wpzr"
                          fill="none"
                          role="presentation"
                          viewBox="0 0 16 16"
                        >
                          <path
                            d="M8 1.75h5c.69 0 1.25.56 1.25 1.25v10c0 .69-.56 1.25-1.25 1.25H8M5.75 4.5 9.25 8m0 0-3.5 3.5M9.25 8H1"
                            stroke="currentcolor"
                            stroke-linejoin="round"
                            stroke-width="1.5"
                          />
                          <path
                            d="M5.75 4.5 9.25 8l-3.5 3.5"
                            stroke="currentcolor"
                            stroke-linejoin="round"
                            stroke-width="1.5"
                          />
                        </svg>
                      </span>
                    </span>
                    <span
                      class="css-1nqby2s"
                    >
                      Login
                    </span>
                  </button>
                </div>
              </div>
            </div>
          </div>
        </form>
      </div>
    </div>
  </body>,
  "container": <div>
    <div
      class="css-18bes35"
    >
      <div
        class="css-y272c0"
      >
        <div
          role="presentation"
        >
          <button
            class="css-1t6wxle"
            data-testid="header-nav-back"
            type="button"
          >
            <span
              class="css-1spmf3f"
            >
              <span
                aria-hidden="true"
                class="css-kxjlgc"
                style="color: currentColor;"
              >
                <svg
                  class="css-1t4wpzr"
                  fill="none"
                  role="presentation"
                  viewBox="0 0 16 16"
                >
                  <path
                    d="M15 8H2.25m4.5-5-5 5 5 5"
                    stroke="currentcolor"
                    stroke-linejoin="round"
                    stroke-width="1.5"
                  />
                </svg>
              </span>
              <span
                class="css-b5o75w"
              >
                Go Back
              </span>
            </span>
          </button>
        </div>
        <h3
          class="css-rex7s6"
        >
          Login with Atlassian
        </h3>
      </div>
    </div>
    <div
      class="css-1rd5nai"
    >
      <form>
        <div
          class="css-1ub26k9"
        >
          <div
            class="css-11u50rl"
          >
            <div
              class="css-bsfd3j"
            >
              <label
                class="font-bold text-sm text-gray-700"
                for="username"
              >
                Username
              </label>
              <span
                class="text-red-500"
              >
                *
              </span>
            </div>
            <div
              class="css-k5cxwk"
            >
              <input
                class="border border-gray-400 rounded px-2 py-1 w-full"
                id="username"
                name="username"
                required=""
                type="text"
              />
            </div>
            <div
              class="css-k5cxwk"
            >
              <div
                class="text-xs text-gray-500 mt-1"
              >
                Your Atlassian username / email address
              </div>
            </div>
          </div>
          <div
            class="css-11u50rl"
          >
            <div
              class="css-bsfd3j"
            >
              <label
                class="font-bold text-sm text-gray-700"
                for="token"
              >
                API Token
              </label>
              <span
                class="text-red-500"
              >
                *
              </span>
            </div>
            <div
              class="css-k5cxwk"
            >
              <input
                class="border border-gray-400 rounded px-2 py-1 w-full"
                id="token"
                name="token"
                required=""
                type="password"
              />
            </div>
            <div
              class="css-bsfd3j"
            >
              <div
                role="presentation"
              >
                <button
                  class="css-9v2r3w"
                  data-testid="login-create-token"
                  type="button"
                >
                  <span
                    class="css-12rb8n9"
                  >
                    <span
                      aria-hidden="true"
                      class="css-9693te"
                      style="color: currentColor;"
                    >
                      <svg
                        class="css-1a5x76h"
                        fill="none"
                        role="presentation"
                        viewBox="0 0 12 12"
                      >
                        <path
                          d="M8.813 11.25c.517 0 .937-.42.937-.937V7.187a.937.937 0 0 0-.937-.937H3.188a.937.937 0 0 0-.938.938v3.125c0 .517.42.937.938.937z"
                          fill="currentcolor"
                        />
                        <path
                          d="M3.75 6.25h-.562a.937.937 0 0 0-.938.938v3.125c0 .517.42.937.938.937h5.624c.518 0 .938-.42.938-.937V7.187a.937.937 0 0 0-.937-.937H8.25m-4.5 0V3a2.25 2.25 0 0 1 4.5 0v3.25m-4.5 0h4.5"
                          stroke="currentcolor"
                          stroke-linejoin="round"
                          stroke-width="1.5"
                        />
                      </svg>
                    </span>
                  </span>
                  <span
                    class="css-1nqby2s"
                  >
                    Create an API Token
                  </span>
                </button>
              </div>
              <div
                class="css-k5cxwk"
              >
                <div
                  class="text-xs text-gray-500 mt-1"
                >
                  for your account and paste above
                </div>
              </div>
            </div>
          </div>
        </div>
        <div
          class="css-opqhvv"
        >
          <div
            class="css-1gbz6oi"
          >
            <div
              class="css-kxmhz3"
            >
              <div
                class="css-k5cxwk"
              >
                <div
                  role="presentation"
                >
                  <button
                    class="css-vgqjed"
                    data-testid="login-docs"
                    type="button"
                  >
                    <span
                      class="css-12rb8n9"
                    >
                      <span
                        aria-hidden="true"
                        class="css-kxjlgc"
                        style="color: currentColor;"
                      >
                        <svg
                          class="css-1t4wpzr"
                          fill="none"
                          role="presentation"
                          viewBox="0 0 16 16"
                        >
                          <path
                            d="M6 1.75H3c-.69 0-1.25.56-1.25 1.25v10c0 .69.56 1.25 1.25 1.25h10c.69 0 1.25-.56 1.25-1.25v-3M7 9l6.75-6.75m.5 3.75V1.75H10"
                            stroke="currentcolor"
                            stroke-linejoin="round"
                            stroke-width="1.5"
                          />
                        </svg>
                      </span>
                    </span>
                    <span
                      class="css-1nqby2s"
                    >
                      Docs
                    </span>
                  </button>
                </div>
              </div>
              <div
                aria-label="Form submit options"
                class="css-1oy5iav"
                role="group"
              >
                <button
                  class="css-eu6vk3"
                  data-testid="login-cancel"
                  type="button"
                >
                  <span
                    class="css-1nqby2s"
                  >
                    Cancel
                  </span>
                </button>
                <button
                  class="css-1vvzp1k"
                  data-testid="login-submit"
                  type="submit"
                >
                  <span
                    class="css-12rb8n9"
                  >
                    <span
                      aria-hidden="true"
                      class="css-kxjlgc"
                      style="color: currentColor;"
                    >
                      <svg
                        class="css-1t4wpzr"
                        fill="none"
                        role="presentation"
                        viewBox="0 0 16 16"
                      >
                        <path
                          d="M8 1.75h5c.69 0 1.25.56 1.25 1.25v10c0 .69-.56 1.25-1.25 1.25H8M5.75 4.5 9.25 8m0 0-3.5 3.5M9.25 8H1"
                          stroke="currentcolor"
                          stroke-linejoin="round"
                          stroke-width="1.5"
                        />
                        <path
                          d="M5.75 4.5 9.25 8l-3.5 3.5"
                          stroke="currentcolor"
                          stroke-linejoin="round"
                          stroke-width="1.5"
                        />
                      </svg>
                    </span>
                  </span>
                  <span
                    class="css-1nqby2s"
                  >
                    Login
                  </span>
                </button>
              </div>
            </div>
          </div>
        </div>
      </form>
    </div>
  </div>,
  "debug": [Function],
  "findAllByAltText": [Function],
  "findAllByDisplayValue": [Function],
  "findAllByLabelText": [Function],
  "findAllByPlaceholderText": [Function],
  "findAllByRole": [Function],
  "findAllByTestId": [Function],
  "findAllByText": [Function],
  "findAllByTitle": [Function],
  "findByAltText": [Function],
  "findByDisplayValue": [Function],
  "findByLabelText": [Function],
  "findByPlaceholderText": [Function],
  "findByRole": [Function],
  "findByTestId": [Function],
  "findByText": [Function],
  "findByTitle": [Function],
  "getAllByAltText": [Function],
  "getAllByDisplayValue": [Function],
  "getAllByLabelText": [Function],
  "getAllByPlaceholderText": [Function],
  "getAllByRole": [Function],
  "getAllByTestId": [Function],
  "getAllByText": [Function],
  "getAllByTitle": [Function],
  "getByAltText": [Function],
  "getByDisplayValue": [Function],
  "getByLabelText": [Function],
  "getByPlaceholderText": [Function],
  "getByRole": [Function],
  "getByTestId": [Function],
  "getByText": [Function],
  "getByTitle": [Function],
  "queryAllByAltText": [Function],
  "queryAllByDisplayValue": [Function],
  "queryAllByLabelText": [Function],
  "queryAllByPlaceholderText": [Function],
  "queryAllByRole": [Function],
  "queryAllByTestId": [Function],
  "queryAllByText": [Function],
  "queryAllByTitle": [Function],
  "queryByAltText": [Function],
  "queryByDisplayValue": [Function],
  "queryByLabelText": [Function],
  "queryByPlaceholderText": [Function],
  "queryByRole": [Function],
  "queryByTestId": [Function],
  "queryByText": [Function],
  "queryByTitle": [Function],
  "rerender": [Function],
  "unmount": [Function],
}
`;
