// Jest Snapshot v1, https://goo.gl/fbAQLP

exports[`renderer/routes/Login.tsx should render itself & its children 1`] = `
{
  "asFragment": [Function],
  "baseElement": <body>
    <div>
      <div
        class="css-18bes35"
      >
        <div
          class="css-y272c0"
        >
          <div
            role="presentation"
          >
            <button
              class="css-1t6wxle"
              data-testid="header-nav-back"
              type="button"
            >
              <span
                class="css-1spmf3f"
              >
                <span
                  aria-hidden="true"
                  class="css-kxjlgc"
                  style="color: currentColor;"
                >
                  <svg
                    class="css-1t4wpzr"
                    fill="none"
                    role="presentation"
                    viewBox="0 0 16 16"
                  >
                    <path
                      clip-rule="evenodd"
                      d="m1.22 7.47 5-5 1.06 1.06-3.72 3.72H15v1.5H3.56l3.72 3.72-1.06 1.06-5-5a.75.75 0 0 1 0-1.06"
                      fill="currentcolor"
                      fill-rule="evenodd"
                    />
                  </svg>
                </span>
                <span
                  class="css-b5o75w"
                >
                  Go Back
                </span>
              </span>
            </button>
          </div>
          <h3
            class="css-rex7s6"
          >
            Login with Atlassian
          </h3>
        </div>
      </div>
      <div
        class="css-1rd5nai"
      >
        <form>
          <div
            class="css-1qcqice"
          >
            <div
              class="css-11u50rl"
            >
              <div
                class="css-bsfd3j"
              >
                <label
                  class="font-bold text-sm text-gray-700"
                  for="username"
                >
                  Username
                </label>
                <span
                  class="text-red-500"
                >
                  *
                </span>
              </div>
              <div
                class="css-wwet8f"
              >
                <div
                  class="css-k5cxwk"
                >
                  <input
                    aria-describedby="username-uid3-valid username-uid3-helper"
                    aria-invalid="false"
                    aria-labelledby="username-uid3-label"
                    class="border border-gray-400 rounded px-2 py-1 w-full"
                    id="username"
                    name="username"
                    required=""
                    type="text"
                    value=""
                  />
                </div>
              </div>
              <div
                class="css-k5cxwk"
              >
                <div
                  class="text-xs text-gray-500 mt-1"
                >
                  Your Atlassian username / email address
                </div>
              </div>
            </div>
            <div
              class="css-11u50rl"
            >
              <div
                class="css-bsfd3j"
              >
                <label
                  class="font-bold text-sm text-gray-700"
                  for="token"
                >
                  API Token
                </label>
                <span
                  class="text-red-500"
                >
                  *
                </span>
              </div>
              <div
                class="css-wwet8f"
              >
                <div
                  class="css-k5cxwk"
                >
                  <input
                    aria-describedby="token-uid4-valid token-uid4-helper"
                    aria-invalid="false"
                    aria-labelledby="token-uid4-label"
                    class="border border-gray-400 rounded px-2 py-1 w-full"
                    id="token"
                    name="token"
                    required=""
                    type="password"
                    value=""
                  />
                </div>
              </div>
              <div
                class="css-bsfd3j"
              >
                <div
                  role="presentation"
                >
                  <button
                    class="css-9v2r3w"
                    data-testid="login-create-token"
                    type="button"
                  >
                    <span
                      class="css-12rb8n9"
                    >
                      <span
                        aria-hidden="true"
                        class="css-9693te"
                        style="color: currentColor;"
                      >
                        <svg
                          class="css-1a5x76h"
                          fill="none"
                          role="presentation"
                          viewBox="0 0 12 12"
                        >
                          <path
                            clip-rule="evenodd"
                            d="M6 1.5A1.5 1.5 0 0 0 4.5 3v2.5h3V3A1.5 1.5 0 0 0 6 1.5m3 4.01V3a3 3 0 0 0-6 0v2.51c-.844.094-1.5.809-1.5 1.678v3.125c0 .931.756 1.687 1.688 1.687h5.624c.932 0 1.688-.755 1.688-1.687V7.187c0-.868-.656-1.583-1.5-1.677"
                            fill="currentcolor"
                            fill-rule="evenodd"
                          />
                        </svg>
                      </span>
                    </span>
                    <span
                      class="css-1nqby2s"
                    >
                      Create an API Token
                    </span>
                  </button>
                </div>
                <div
                  class="css-k5cxwk"
                >
                  <div
                    class="text-xs text-gray-500 mt-1"
                  >
                    for your account and paste above
                  </div>
                </div>
              </div>
            </div>
          </div>
          <div
            class="css-1rw5qv2"
          >
            <div
              class="css-kxmhz3"
            >
              <div
                class="css-1gbz6oi"
              >
                <div
                  role="presentation"
                >
                  <button
                    class="css-vgqjed"
                    data-testid="login-docs"
                    type="button"
                  >
                    <span
                      class="css-12rb8n9"
                    >
                      <span
                        aria-hidden="true"
                        class="css-kxjlgc"
                        style="color: currentColor;"
                      >
                        <svg
                          class="css-1t4wpzr"
                          fill="none"
                          role="presentation"
                          viewBox="0 0 16 16"
                        >
                          <path
                            clip-rule="evenodd"
                            d="M3 2.5a.5.5 0 0 0-.5.5v10a.5.5 0 0 0 .5.5h10a.5.5 0 0 0 .5-.5v-3H15v3a2 2 0 0 1-2 2H3a2 2 0 0 1-2-2V3a2 2 0 0 1 2-2h3v1.5zM10 1h4.25a.75.75 0 0 1 .75.75V6h-1.5V3.56L7.53 9.53 6.47 8.47l5.97-5.97H10z"
                            fill="currentcolor"
                            fill-rule="evenodd"
                          />
                        </svg>
                      </span>
                    </span>
                    <span
                      class="css-1nqby2s"
                    >
                      Docs
                    </span>
                  </button>
                </div>
              </div>
              <footer
                class="css-kwugxo"
              >
                <div
                  aria-label="Form submit options"
                  class="css-1oy5iav"
                  role="group"
                >
                  <button
                    class="css-eu6vk3"
                    data-testid="login-cancel"
                    type="button"
                  >
                    <span
                      class="css-1nqby2s"
                    >
                      Cancel
                    </span>
                  </button>
                  <button
                    class="css-1vvzp1k"
                    data-testid="login-submit"
                    type="submit"
                  >
                    <span
                      class="css-12rb8n9"
                    >
                      <span
                        aria-hidden="true"
                        class="css-kxjlgc"
                        style="color: currentColor;"
                      >
                        <svg
                          class="css-1t4wpzr"
                          fill="none"
                          role="presentation"
                          viewBox="0 0 16 16"
                        >
                          <path
                            clip-rule="evenodd"
                            d="M13 2.5H8V1h5a2 2 0 0 1 2 2v10a2 2 0 0 1-2 2H8v-1.5h5a.5.5 0 0 0 .5-.5V3a.5.5 0 0 0-.5-.5M7.44 7.25 5.22 5.03l1.06-1.06 3.5 3.5a.75.75 0 0 1 0 1.06l-3.5 3.5-1.06-1.06 2.22-2.22H1v-1.5z"
                            fill="currentcolor"
                            fill-rule="evenodd"
                          />
                        </svg>
                      </span>
                    </span>
                    <span
                      class="css-1nqby2s"
                    >
                      Login
                    </span>
                  </button>
                </div>
              </footer>
            </div>
          </div>
        </form>
      </div>
    </div>
  </body>,
  "container": <div>
    <div
      class="css-18bes35"
    >
      <div
        class="css-y272c0"
      >
        <div
          role="presentation"
        >
          <button
            class="css-1t6wxle"
            data-testid="header-nav-back"
            type="button"
          >
            <span
              class="css-1spmf3f"
            >
              <span
                aria-hidden="true"
                class="css-kxjlgc"
                style="color: currentColor;"
              >
                <svg
                  class="css-1t4wpzr"
                  fill="none"
                  role="presentation"
                  viewBox="0 0 16 16"
                >
                  <path
                    clip-rule="evenodd"
                    d="m1.22 7.47 5-5 1.06 1.06-3.72 3.72H15v1.5H3.56l3.72 3.72-1.06 1.06-5-5a.75.75 0 0 1 0-1.06"
                    fill="currentcolor"
                    fill-rule="evenodd"
                  />
                </svg>
              </span>
              <span
                class="css-b5o75w"
              >
                Go Back
              </span>
            </span>
          </button>
        </div>
        <h3
          class="css-rex7s6"
        >
          Login with Atlassian
        </h3>
      </div>
    </div>
    <div
      class="css-1rd5nai"
    >
      <form>
        <div
          class="css-1qcqice"
        >
          <div
            class="css-11u50rl"
          >
            <div
              class="css-bsfd3j"
            >
              <label
                class="font-bold text-sm text-gray-700"
                for="username"
              >
                Username
              </label>
              <span
                class="text-red-500"
              >
                *
              </span>
            </div>
            <div
              class="css-wwet8f"
            >
              <div
                class="css-k5cxwk"
              >
                <input
                  aria-describedby="username-uid3-valid username-uid3-helper"
                  aria-invalid="false"
                  aria-labelledby="username-uid3-label"
                  class="border border-gray-400 rounded px-2 py-1 w-full"
                  id="username"
                  name="username"
                  required=""
                  type="text"
                  value=""
                />
              </div>
            </div>
            <div
              class="css-k5cxwk"
            >
              <div
                class="text-xs text-gray-500 mt-1"
              >
                Your Atlassian username / email address
              </div>
            </div>
          </div>
          <div
            class="css-11u50rl"
          >
            <div
              class="css-bsfd3j"
            >
              <label
                class="font-bold text-sm text-gray-700"
                for="token"
              >
                API Token
              </label>
              <span
                class="text-red-500"
              >
                *
              </span>
            </div>
            <div
              class="css-wwet8f"
            >
              <div
                class="css-k5cxwk"
              >
                <input
                  aria-describedby="token-uid4-valid token-uid4-helper"
                  aria-invalid="false"
                  aria-labelledby="token-uid4-label"
                  class="border border-gray-400 rounded px-2 py-1 w-full"
                  id="token"
                  name="token"
                  required=""
                  type="password"
                  value=""
                />
              </div>
            </div>
            <div
              class="css-bsfd3j"
            >
              <div
                role="presentation"
              >
                <button
                  class="css-9v2r3w"
                  data-testid="login-create-token"
                  type="button"
                >
                  <span
                    class="css-12rb8n9"
                  >
                    <span
                      aria-hidden="true"
                      class="css-9693te"
                      style="color: currentColor;"
                    >
                      <svg
                        class="css-1a5x76h"
                        fill="none"
                        role="presentation"
                        viewBox="0 0 12 12"
                      >
                        <path
                          clip-rule="evenodd"
                          d="M6 1.5A1.5 1.5 0 0 0 4.5 3v2.5h3V3A1.5 1.5 0 0 0 6 1.5m3 4.01V3a3 3 0 0 0-6 0v2.51c-.844.094-1.5.809-1.5 1.678v3.125c0 .931.756 1.687 1.688 1.687h5.624c.932 0 1.688-.755 1.688-1.687V7.187c0-.868-.656-1.583-1.5-1.677"
                          fill="currentcolor"
                          fill-rule="evenodd"
                        />
                      </svg>
                    </span>
                  </span>
                  <span
                    class="css-1nqby2s"
                  >
                    Create an API Token
                  </span>
                </button>
              </div>
              <div
                class="css-k5cxwk"
              >
                <div
                  class="text-xs text-gray-500 mt-1"
                >
                  for your account and paste above
                </div>
              </div>
            </div>
          </div>
        </div>
        <div
          class="css-1rw5qv2"
        >
          <div
            class="css-kxmhz3"
          >
            <div
              class="css-1gbz6oi"
            >
              <div
                role="presentation"
              >
                <button
                  class="css-vgqjed"
                  data-testid="login-docs"
                  type="button"
                >
                  <span
                    class="css-12rb8n9"
                  >
                    <span
                      aria-hidden="true"
                      class="css-kxjlgc"
                      style="color: currentColor;"
                    >
                      <svg
                        class="css-1t4wpzr"
                        fill="none"
                        role="presentation"
                        viewBox="0 0 16 16"
                      >
                        <path
                          clip-rule="evenodd"
                          d="M3 2.5a.5.5 0 0 0-.5.5v10a.5.5 0 0 0 .5.5h10a.5.5 0 0 0 .5-.5v-3H15v3a2 2 0 0 1-2 2H3a2 2 0 0 1-2-2V3a2 2 0 0 1 2-2h3v1.5zM10 1h4.25a.75.75 0 0 1 .75.75V6h-1.5V3.56L7.53 9.53 6.47 8.47l5.97-5.97H10z"
                          fill="currentcolor"
                          fill-rule="evenodd"
                        />
                      </svg>
                    </span>
                  </span>
                  <span
                    class="css-1nqby2s"
                  >
                    Docs
                  </span>
                </button>
              </div>
            </div>
            <footer
              class="css-kwugxo"
            >
              <div
                aria-label="Form submit options"
                class="css-1oy5iav"
                role="group"
              >
                <button
                  class="css-eu6vk3"
                  data-testid="login-cancel"
                  type="button"
                >
                  <span
                    class="css-1nqby2s"
                  >
                    Cancel
                  </span>
                </button>
                <button
                  class="css-1vvzp1k"
                  data-testid="login-submit"
                  type="submit"
                >
                  <span
                    class="css-12rb8n9"
                  >
                    <span
                      aria-hidden="true"
                      class="css-kxjlgc"
                      style="color: currentColor;"
                    >
                      <svg
                        class="css-1t4wpzr"
                        fill="none"
                        role="presentation"
                        viewBox="0 0 16 16"
                      >
                        <path
                          clip-rule="evenodd"
                          d="M13 2.5H8V1h5a2 2 0 0 1 2 2v10a2 2 0 0 1-2 2H8v-1.5h5a.5.5 0 0 0 .5-.5V3a.5.5 0 0 0-.5-.5M7.44 7.25 5.22 5.03l1.06-1.06 3.5 3.5a.75.75 0 0 1 0 1.06l-3.5 3.5-1.06-1.06 2.22-2.22H1v-1.5z"
                          fill="currentcolor"
                          fill-rule="evenodd"
                        />
                      </svg>
                    </span>
                  </span>
                  <span
                    class="css-1nqby2s"
                  >
                    Login
                  </span>
                </button>
              </div>
            </footer>
          </div>
        </div>
      </form>
    </div>
  </div>,
  "debug": [Function],
  "findAllByAltText": [Function],
  "findAllByDisplayValue": [Function],
  "findAllByLabelText": [Function],
  "findAllByPlaceholderText": [Function],
  "findAllByRole": [Function],
  "findAllByTestId": [Function],
  "findAllByText": [Function],
  "findAllByTitle": [Function],
  "findByAltText": [Function],
  "findByDisplayValue": [Function],
  "findByLabelText": [Function],
  "findByPlaceholderText": [Function],
  "findByRole": [Function],
  "findByTestId": [Function],
  "findByText": [Function],
  "findByTitle": [Function],
  "getAllByAltText": [Function],
  "getAllByDisplayValue": [Function],
  "getAllByLabelText": [Function],
  "getAllByPlaceholderText": [Function],
  "getAllByRole": [Function],
  "getAllByTestId": [Function],
  "getAllByText": [Function],
  "getAllByTitle": [Function],
  "getByAltText": [Function],
  "getByDisplayValue": [Function],
  "getByLabelText": [Function],
  "getByPlaceholderText": [Function],
  "getByRole": [Function],
  "getByTestId": [Function],
  "getByText": [Function],
  "getByTitle": [Function],
  "queryAllByAltText": [Function],
  "queryAllByDisplayValue": [Function],
  "queryAllByLabelText": [Function],
  "queryAllByPlaceholderText": [Function],
  "queryAllByRole": [Function],
  "queryAllByTestId": [Function],
  "queryAllByText": [Function],
  "queryAllByTitle": [Function],
  "queryByAltText": [Function],
  "queryByDisplayValue": [Function],
  "queryByLabelText": [Function],
  "queryByPlaceholderText": [Function],
  "queryByRole": [Function],
  "queryByTestId": [Function],
  "queryByText": [Function],
  "queryByTitle": [Function],
  "rerender": [Function],
  "unmount": [Function],
}
`;
