// Vitest Snapshot v1, https://vitest.dev/guide/snapshot.html

exports[`renderer/routes/Login.tsx > should render itself & its children 1`] = `
{
  "asFragment": [Function],
  "baseElement": <body>
    <div>
      <div
        class="flex flex-col h-screen"
        data-testid="login"
      >
        <div
          class="css-1e213mf"
        >
          <div
            class="css-1ja375h"
          >
            <div
              role="presentation"
            >
              <button
                class="_ymio1r31 _ypr0glyw _zcxs1o36 _mizu194a _1ah3dkaa _ra3xnqa1 _128mdkaa _1cvmnqa1 _4davt94y _19itglyw _vchhusvi _r06hglyw _80omtlke _2rko1rr0 _11c8fhey _v5649dqc _189eidpf _1rjc12x7 _1e0c116y _1bsbviql _p12f1osq _kqswh2mm _4cvr1q9y _1bah1h6o _gy1p1b66 _1o9zidpf _4t3iviql _k48p1wq8 _y4tize3t _bozgze3t _y3gn1h6o _s7n4nkob _14mj1kw7 _9v7aze3t _1tv3nqa1 _39yqe4h9 _11fnglyw _18postnw _bfhkqtfy _syazazsu _1053azsu _f8pjazsu _30l3azsu _9h8hazsu _irr34mfv _1di619qy _4bfu1r31 _1hmsglyw _ajmmnqa1 _1a3b1r31 _4fprglyw _5goinqa1 _9oik1r31 _1bnxglyw _jf4cnqa1 _1nrm1r31 _c2waglyw _1iohnqa1"
                data-testid="header-nav-back"
                type="button"
              >
                <span
                  class="_v564g17y _1e0c1txw _16jlidpf _1o9zidpf _1wpz1h6o _1wybidpf _vwz4idpf _uiztglyw"
                >
                  <span
                    aria-hidden="true"
                    class="_1e0c1o8l _vchhusvi _1o9zidpf _vwz4kb7n _y4ti1igz _bozg1mb9 _12va1onz _jcxd1r8n"
                    style="color: currentcolor;"
                  >
                    <svg
                      class="_1reo15vq _18m915vq _syaz1r31 _lcxvglyw _s7n4yfq0 _vc881r31 _1bsbpxbi _4t3ipxbi"
                      fill="none"
                      role="presentation"
                      viewBox="0 0 16 16"
                    >
                      <path
                        clip-rule="evenodd"
                        d="m1.22 7.47 5-5 1.06 1.06-3.72 3.72H15v1.5H3.56l3.72 3.72-1.06 1.06-5-5a.75.75 0 0 1 0-1.06"
                        fill="currentcolor"
                        fill-rule="evenodd"
                      />
                    </svg>
                  </span>
                  <span
                    class="_ca0qidpf _u5f3idpf _n3tdidpf _19bvidpf _19itidpf _1reo15vq _18m915vq _1bsbt94y _4t3it94y _kqswstnw _ogto7mnp _uiztglyw _o5721q9c"
                  >
                    Go Back
                  </span>
                </span>
              </button>
            </div>
            <h3
              class="_dxsyidpf _1i144jg8 _nmk4glyw _fqox1af2 _1w90i7uo"
            >
              Login with Atlassian
            </h3>
          </div>
        </div>
        <div
          class="grow overflow-x-hidden overflow-y-auto"
        >
          <div
            class="css-1q0ykya"
          >
            <div
              class="css-k5cxwk"
            />
            <form
              id="login-form"
            >
              <div
                class="_1pfh1ejb"
              >
                <div
                  class="_1pfhu2gc"
                  data-testid="login-username"
                >
                  <label
                    class="_11c8wadc _1e0c1o8l _syazazsu _k48pwu06 _6rth1b66 _1pfhze3t"
                    data-testid="login-username--label"
                    for="username-uid3"
                    id="username-uid3-label"
                  >
                    Username
                  </label>
                  <div
                    class="_16jlkb7n _1o9zkb7n _i0dl1osq _11c8fhey _1reo15vq _18m915vq _v564r5cv _189ee4h9 _1e0c1txw _vchhusvi _4cvr1h6o _1bah1yb4 _lcxv1wug _s7n4jp4b _slp31hna _1tnqfajl _1h6drsbi _1dqonqa1 _syazi7uo _80om1kdv _bfhk1j9a _msj6gir2 _1q51e4h9 _85i5e4h9 _bozgidpf _y4tiidpf _1p9x1v1w _qao9r01l _q433vyy1 _4cvxrsbi _irr3l4ek"
                    data-ds--text-field--container="true"
                    role="presentation"
                    style="max-width: 100%;"
                  >
                    <input
                      aria-describedby="username-uid3-valid username-uid3-helper"
                      aria-labelledby="username-uid3-label"
                      aria-required="false"
                      autocomplete="off"
                      class="_19itidpf _11c81d4k _12ji1r31 _1qu2glyw _12y31o36 _vchhusvi _1bsb1osq _1ul9idpf _bfhk1j28 _syaz1kw7 _80om1kw7 _14ji12x7 _olc612x7 _1kod12x7 _7ba012x7 _1goxglyw _13xeglyw _1n7e1l2s _1idr1rpy _1tn2fhey _l9oiu2gc _549yu2gc _1h5w12x7 _124212x7"
                      data-ds--text-field--input="true"
                      id="username-uid3"
                      name="username"
                      value=""
                    />
                  </div>
                  <div
                    aria-live="polite"
                    class="_zulp12x7 _11c8wadc _1e0c1txw _1bah1q9y _1pfh1b66 _syaz1wmz"
                    id="username-uid3-helper"
                  >
                    Your Atlassian username / email address
                  </div>
                </div>
                <div
                  class="_1pfhu2gc"
                  data-testid="login-token"
                >
                  <label
                    class="_11c8wadc _1e0c1o8l _syazazsu _k48pwu06 _6rth1b66 _1pfhze3t"
                    data-testid="login-token--label"
                    for="token-uid4"
                    id="token-uid4-label"
                  >
                    API Token
                  </label>
                  <div
                    class="_16jlkb7n _1o9zkb7n _i0dl1osq _11c8fhey _1reo15vq _18m915vq _v564r5cv _189ee4h9 _1e0c1txw _vchhusvi _4cvr1h6o _1bah1yb4 _lcxv1wug _s7n4jp4b _slp31hna _1tnqfajl _1h6drsbi _1dqonqa1 _syazi7uo _80om1kdv _bfhk1j9a _msj6gir2 _1q51e4h9 _85i5e4h9 _bozgidpf _y4tiidpf _1p9x1v1w _qao9r01l _q433vyy1 _4cvxrsbi _irr3l4ek"
                    data-ds--text-field--container="true"
                    role="presentation"
                    style="max-width: 100%;"
                  >
                    <input
                      aria-describedby="token-uid4-valid token-uid4-helper"
                      aria-labelledby="token-uid4-label"
                      aria-required="false"
                      class="_19itidpf _11c81d4k _12ji1r31 _1qu2glyw _12y31o36 _vchhusvi _1bsb1osq _1ul9idpf _bfhk1j28 _syaz1kw7 _80om1kw7 _14ji12x7 _olc612x7 _1kod12x7 _7ba012x7 _1goxglyw _13xeglyw _1n7e1l2s _1idr1rpy _1tn2fhey _l9oiu2gc _549yu2gc _1h5w12x7 _124212x7"
                      data-ds--text-field--input="true"
                      id="token-uid4"
                      name="token"
                      type="password"
                      value=""
                    />
                  </div>
                  <div
                    aria-live="polite"
                    class="_zulp12x7 _11c8wadc _1e0c1txw _1bah1q9y _1pfh1b66 _syaz1wmz"
                    id="token-uid4-helper"
                  >
                    <span>
                      <div
                        class="css-5fz2td"
                      >
                        <div
                          role="presentation"
                        >
                          <button
                            class="_ymio1r31 _ypr0glyw _zcxs1o36 _mizu194a _1ah3dkaa _ra3xnqa1 _128mdkaa _1cvmnqa1 _4davt94y _19itglyw _vchhusvi _r06hglyw _80omtlke _2rkofajl _11c8fhey _v5649dqc _189eidpf _1rjcv77o _1e0c116y _1bsb1wug _p12f1osq _kqswh2mm _4cvr1q9y _1bah1h6o _gy1p1b66 _1o9zidpf _4t3i1k8s _k48p1wq8 _y4tiutpp _bozgu2gc _y3gn1h6o _s7n4nkob _14mj1kw7 _9v7aze3t _1tv3nqa1 _39yqe4h9 _11fnglyw _18postnw _bfhk1vbi _syaz15cr _105315cr _f8pj15cr _30l315cr _9h8h15cr _irr37gr8 _1di61wu2 _4bfu1r31 _1hmsglyw _ajmmnqa1 _1a3b1r31 _4fprglyw _5goinqa1 _9oik1r31 _1bnxglyw _jf4cnqa1 _1nrm1r31 _c2waglyw _1iohnqa1"
                            data-testid="login-create-token"
                            type="button"
                          >
                            <span
                              class="_v564g17y _1e0c1txw _16jlidpf _1o9zidpf _1wpz1h6o _1wybidpf _vwz4idpf _uiztglyw _1he91b66 _w795v77o"
                            >
                              <span
                                aria-hidden="true"
                                class="_1e0c1o8l _vchhusvi _1o9zidpf _vwz4utpp _y4ti1igz _bozg1mb9 _12va1onz _jcxd1r8n"
                                style="color: currentcolor;"
                              >
                                <svg
                                  class="_1reo15vq _18m915vq _syaz1r31 _lcxvglyw _s7n4yfq0 _vc881r31 _1bsbutpp _4t3iutpp"
                                  fill="none"
                                  role="presentation"
                                  viewBox="0 0 16 16"
                                >
                                  <path
                                    clip-rule="evenodd"
                                    d="M8 1.5A2.5 2.5 0 0 0 5.5 4v3h5V4A2.5 2.5 0 0 0 8 1.5M12 7V4a4 4 0 0 0-8 0v3a2 2 0 0 0-2 2v5a2 2 0 0 0 2 2h8a2 2 0 0 0 2-2V9a2 2 0 0 0-2-2M4 8.5a.5.5 0 0 0-.5.5v5a.5.5 0 0 0 .5.5h8a.5.5 0 0 0 .5-.5V9a.5.5 0 0 0-.5-.5zM7.25 13v-3h1.5v3z"
                                    fill="currentcolor"
                                    fill-rule="evenodd"
                                  />
                                </svg>
                              </span>
                            </span>
                            <span
                              class="_v564g17y _1reo15vq _18m915vq _16jlkb7n _1o9zkb7n _1bto1l2s _o5721q9c"
                            >
                              Create API token
                            </span>
                          </button>
                        </div>
                        <div
                          class="css-k5cxwk"
                        >
                          and paste above
                        </div>
                      </div>
                    </span>
                  </div>
                </div>
              </div>
            </form>
          </div>
        </div>
        <div
          class="css-ujmiwr"
        >
          <div
            class="css-1fxbet0"
          >
            <div
              role="presentation"
            >
              <button
                class="_ymio1r31 _ypr0glyw _zcxs1o36 _mizu194a _1ah3dkaa _ra3xnqa1 _128mdkaa _1cvmnqa1 _4davt94y _19itglyw _vchhusvi _r06hglyw _80omtlke _2rkofajl _11c8fhey _v5649dqc _189eidpf _1rjc12x7 _1e0c116y _1bsb1wug _p12f1osq _kqswh2mm _4cvr1q9y _1bah1h6o _gy1p1b66 _1o9zidpf _4t3iviql _k48p1wq8 _y4tiutpp _bozgu2gc _y3gn1h6o _s7n4nkob _14mj1kw7 _9v7aze3t _1tv3nqa1 _39yqe4h9 _11fnglyw _18postnw _bfhkqtfy _syazazsu _1053azsu _f8pjazsu _30l3azsu _9h8hazsu _irr34mfv _1di619qy _4bfu1r31 _1hmsglyw _ajmmnqa1 _1a3b1r31 _4fprglyw _5goinqa1 _9oik1r31 _1bnxglyw _jf4cnqa1 _1nrm1r31 _c2waglyw _1iohnqa1"
                data-testid="login-docs"
                type="button"
              >
                <span
                  class="_v564g17y _1e0c1txw _16jlidpf _1o9zidpf _1wpz1h6o _1wybidpf _vwz4idpf _uiztglyw _1he91b66 _w795v77o"
                >
                  <span
                    aria-hidden="true"
                    class="_1e0c1o8l _vchhusvi _1o9zidpf _vwz4kb7n _y4ti1igz _bozg1mb9 _12va1onz _jcxd1r8n"
                    style="color: currentcolor;"
                  >
                    <svg
                      class="_1reo15vq _18m915vq _syaz1r31 _lcxvglyw _s7n4yfq0 _vc881r31 _1bsbpxbi _4t3ipxbi"
                      fill="none"
                      role="presentation"
                      viewBox="0 0 16 16"
                    >
                      <path
                        clip-rule="evenodd"
                        d="M3 2.5a.5.5 0 0 0-.5.5v10a.5.5 0 0 0 .5.5h10a.5.5 0 0 0 .5-.5v-3H15v3a2 2 0 0 1-2 2H3a2 2 0 0 1-2-2V3a2 2 0 0 1 2-2h3v1.5zM10 1h4.25a.75.75 0 0 1 .75.75V6h-1.5V3.56L7.53 9.53 6.47 8.47l5.97-5.97H10z"
                        fill="currentcolor"
                        fill-rule="evenodd"
                      />
                    </svg>
                  </span>
                </span>
                <span
                  class="_v564g17y _1reo15vq _18m915vq _16jlkb7n _1o9zkb7n _1bto1l2s _o5721q9c"
                >
                  Docs
                </span>
              </button>
            </div>
            <div
              aria-label="Form submit options"
              class="css-1oy5iav"
              role="group"
            >
              <button
                class="_ymio1r31 _ypr0glyw _zcxs1o36 _mizu194a _1ah3dkaa _ra3xnqa1 _128mdkaa _1cvmnqa1 _4davt94y _19itglyw _vchhusvi _r06hglyw _80omtlke _2rkofajl _11c8fhey _v5649dqc _189eidpf _1rjc12x7 _1e0c116y _1bsb1wug _p12f1osq _kqswh2mm _4cvr1q9y _1bah1h6o _gy1p1b66 _1o9zidpf _4t3iviql _k48p1wq8 _y4tiutpp _bozgutpp _y3gn1h6o _s7n4nkob _14mj1kw7 _9v7aze3t _1tv3nqa1 _39yqe4h9 _11fnglyw _18postnw _bfhkqtfy _syazazsu _1053azsu _f8pjazsu _30l3azsu _9h8hazsu _irr34mfv _1di619qy _4bfu1r31 _1hmsglyw _ajmmnqa1 _1a3b1r31 _4fprglyw _5goinqa1 _9oik1r31 _1bnxglyw _jf4cnqa1 _1nrm1r31 _c2waglyw _1iohnqa1"
                data-testid="login-cancel"
                type="button"
              >
                <span
                  class="_v564g17y _1reo15vq _18m915vq _16jlkb7n _1o9zkb7n _1bto1l2s _o5721q9c"
                >
                  Cancel
                </span>
              </button>
              <button
                class="_ymio1r31 _ypr0glyw _zcxs1o36 _mizu194a _1ah3dkaa _ra3xnqa1 _128mdkaa _1cvmnqa1 _4davt94y _19itglyw _vchhusvi _r06hglyw _80omtlke _2rkofajl _11c8fhey _v5649dqc _189eidpf _1rjc12x7 _1e0c116y _1bsb1wug _p12f1osq _kqswh2mm _4cvr1q9y _1bah1h6o _gy1p1b66 _1o9zidpf _4t3iviql _k48p1wq8 _y4tiutpp _bozgu2gc _y3gn1h6o _s7n4nkob _14mj1kw7 _9v7aze3t _1tv3nqa1 _39yqe4h9 _11fnglyw _18postnw _bfhkomb0 _syaz15cr _105315cr _f8pj15cr _30l315cr _9h8h15cr _irr31wqm _1di617hq _4bfu1r31 _1hmsglyw _ajmmnqa1 _1a3b1r31 _4fprglyw _5goinqa1 _9oik1r31 _1bnxglyw _jf4cnqa1 _1nrm1r31 _c2waglyw _1iohnqa1"
                data-testid="login-submit"
                form="login-form"
                type="submit"
              >
                <span
                  class="_v564g17y _1e0c1txw _16jlidpf _1o9zidpf _1wpz1h6o _1wybidpf _vwz4idpf _uiztglyw _1he91b66 _w795v77o"
                >
                  <span
                    aria-hidden="true"
                    class="_1e0c1o8l _vchhusvi _1o9zidpf _vwz4kb7n _y4ti1igz _bozg1mb9 _12va1onz _jcxd1r8n"
                    style="color: currentcolor;"
                  >
                    <svg
                      class="_1reo15vq _18m915vq _syaz1r31 _lcxvglyw _s7n4yfq0 _vc881r31 _1bsbpxbi _4t3ipxbi"
                      fill="none"
                      role="presentation"
                      viewBox="0 0 16 16"
                    >
                      <path
                        clip-rule="evenodd"
                        d="M13 2.5H8V1h5a2 2 0 0 1 2 2v10a2 2 0 0 1-2 2H8v-1.5h5a.5.5 0 0 0 .5-.5V3a.5.5 0 0 0-.5-.5M7.44 7.25 5.22 5.03l1.06-1.06 3.5 3.5a.75.75 0 0 1 0 1.06l-3.5 3.5-1.06-1.06 2.22-2.22H1v-1.5z"
                        fill="currentcolor"
                        fill-rule="evenodd"
                      />
                    </svg>
                  </span>
                </span>
                <span
                  class="_v564g17y _1reo15vq _18m915vq _16jlkb7n _1o9zkb7n _1bto1l2s _o5721q9c"
                >
                  Login
                </span>
              </button>
            </div>
          </div>
        </div>
      </div>
    </div>
  </body>,
  "container": <div>
    <div
      class="flex flex-col h-screen"
      data-testid="login"
    >
      <div
        class="css-1e213mf"
      >
        <div
          class="css-1ja375h"
        >
          <div
            role="presentation"
          >
            <button
              class="_ymio1r31 _ypr0glyw _zcxs1o36 _mizu194a _1ah3dkaa _ra3xnqa1 _128mdkaa _1cvmnqa1 _4davt94y _19itglyw _vchhusvi _r06hglyw _80omtlke _2rko1rr0 _11c8fhey _v5649dqc _189eidpf _1rjc12x7 _1e0c116y _1bsbviql _p12f1osq _kqswh2mm _4cvr1q9y _1bah1h6o _gy1p1b66 _1o9zidpf _4t3iviql _k48p1wq8 _y4tize3t _bozgze3t _y3gn1h6o _s7n4nkob _14mj1kw7 _9v7aze3t _1tv3nqa1 _39yqe4h9 _11fnglyw _18postnw _bfhkqtfy _syazazsu _1053azsu _f8pjazsu _30l3azsu _9h8hazsu _irr34mfv _1di619qy _4bfu1r31 _1hmsglyw _ajmmnqa1 _1a3b1r31 _4fprglyw _5goinqa1 _9oik1r31 _1bnxglyw _jf4cnqa1 _1nrm1r31 _c2waglyw _1iohnqa1"
              data-testid="header-nav-back"
              type="button"
            >
              <span
                class="_v564g17y _1e0c1txw _16jlidpf _1o9zidpf _1wpz1h6o _1wybidpf _vwz4idpf _uiztglyw"
              >
                <span
                  aria-hidden="true"
                  class="_1e0c1o8l _vchhusvi _1o9zidpf _vwz4kb7n _y4ti1igz _bozg1mb9 _12va1onz _jcxd1r8n"
                  style="color: currentcolor;"
                >
                  <svg
                    class="_1reo15vq _18m915vq _syaz1r31 _lcxvglyw _s7n4yfq0 _vc881r31 _1bsbpxbi _4t3ipxbi"
                    fill="none"
                    role="presentation"
                    viewBox="0 0 16 16"
                  >
                    <path
                      clip-rule="evenodd"
                      d="m1.22 7.47 5-5 1.06 1.06-3.72 3.72H15v1.5H3.56l3.72 3.72-1.06 1.06-5-5a.75.75 0 0 1 0-1.06"
                      fill="currentcolor"
                      fill-rule="evenodd"
                    />
                  </svg>
                </span>
                <span
                  class="_ca0qidpf _u5f3idpf _n3tdidpf _19bvidpf _19itidpf _1reo15vq _18m915vq _1bsbt94y _4t3it94y _kqswstnw _ogto7mnp _uiztglyw _o5721q9c"
                >
                  Go Back
                </span>
              </span>
            </button>
          </div>
          <h3
            class="_dxsyidpf _1i144jg8 _nmk4glyw _fqox1af2 _1w90i7uo"
          >
            Login with Atlassian
          </h3>
        </div>
      </div>
      <div
        class="grow overflow-x-hidden overflow-y-auto"
      >
        <div
          class="css-1q0ykya"
        >
          <div
            class="css-k5cxwk"
          />
          <form
            id="login-form"
          >
            <div
              class="_1pfh1ejb"
            >
              <div
                class="_1pfhu2gc"
                data-testid="login-username"
              >
                <label
                  class="_11c8wadc _1e0c1o8l _syazazsu _k48pwu06 _6rth1b66 _1pfhze3t"
                  data-testid="login-username--label"
                  for="username-uid3"
                  id="username-uid3-label"
                >
                  Username
                </label>
                <div
                  class="_16jlkb7n _1o9zkb7n _i0dl1osq _11c8fhey _1reo15vq _18m915vq _v564r5cv _189ee4h9 _1e0c1txw _vchhusvi _4cvr1h6o _1bah1yb4 _lcxv1wug _s7n4jp4b _slp31hna _1tnqfajl _1h6drsbi _1dqonqa1 _syazi7uo _80om1kdv _bfhk1j9a _msj6gir2 _1q51e4h9 _85i5e4h9 _bozgidpf _y4tiidpf _1p9x1v1w _qao9r01l _q433vyy1 _4cvxrsbi _irr3l4ek"
                  data-ds--text-field--container="true"
                  role="presentation"
                  style="max-width: 100%;"
                >
                  <input
                    aria-describedby="username-uid3-valid username-uid3-helper"
                    aria-labelledby="username-uid3-label"
                    aria-required="false"
                    autocomplete="off"
                    class="_19itidpf _11c81d4k _12ji1r31 _1qu2glyw _12y31o36 _vchhusvi _1bsb1osq _1ul9idpf _bfhk1j28 _syaz1kw7 _80om1kw7 _14ji12x7 _olc612x7 _1kod12x7 _7ba012x7 _1goxglyw _13xeglyw _1n7e1l2s _1idr1rpy _1tn2fhey _l9oiu2gc _549yu2gc _1h5w12x7 _124212x7"
                    data-ds--text-field--input="true"
                    id="username-uid3"
                    name="username"
                    value=""
                  />
                </div>
                <div
                  aria-live="polite"
                  class="_zulp12x7 _11c8wadc _1e0c1txw _1bah1q9y _1pfh1b66 _syaz1wmz"
                  id="username-uid3-helper"
                >
                  Your Atlassian username / email address
                </div>
              </div>
              <div
                class="_1pfhu2gc"
                data-testid="login-token"
              >
                <label
                  class="_11c8wadc _1e0c1o8l _syazazsu _k48pwu06 _6rth1b66 _1pfhze3t"
                  data-testid="login-token--label"
                  for="token-uid4"
                  id="token-uid4-label"
                >
                  API Token
                </label>
                <div
                  class="_16jlkb7n _1o9zkb7n _i0dl1osq _11c8fhey _1reo15vq _18m915vq _v564r5cv _189ee4h9 _1e0c1txw _vchhusvi _4cvr1h6o _1bah1yb4 _lcxv1wug _s7n4jp4b _slp31hna _1tnqfajl _1h6drsbi _1dqonqa1 _syazi7uo _80om1kdv _bfhk1j9a _msj6gir2 _1q51e4h9 _85i5e4h9 _bozgidpf _y4tiidpf _1p9x1v1w _qao9r01l _q433vyy1 _4cvxrsbi _irr3l4ek"
                  data-ds--text-field--container="true"
                  role="presentation"
                  style="max-width: 100%;"
                >
                  <input
                    aria-describedby="token-uid4-valid token-uid4-helper"
                    aria-labelledby="token-uid4-label"
                    aria-required="false"
                    class="_19itidpf _11c81d4k _12ji1r31 _1qu2glyw _12y31o36 _vchhusvi _1bsb1osq _1ul9idpf _bfhk1j28 _syaz1kw7 _80om1kw7 _14ji12x7 _olc612x7 _1kod12x7 _7ba012x7 _1goxglyw _13xeglyw _1n7e1l2s _1idr1rpy _1tn2fhey _l9oiu2gc _549yu2gc _1h5w12x7 _124212x7"
                    data-ds--text-field--input="true"
                    id="token-uid4"
                    name="token"
                    type="password"
                    value=""
                  />
                </div>
                <div
                  aria-live="polite"
                  class="_zulp12x7 _11c8wadc _1e0c1txw _1bah1q9y _1pfh1b66 _syaz1wmz"
                  id="token-uid4-helper"
                >
                  <span>
                    <div
                      class="css-5fz2td"
                    >
                      <div
                        role="presentation"
                      >
                        <button
                          class="_ymio1r31 _ypr0glyw _zcxs1o36 _mizu194a _1ah3dkaa _ra3xnqa1 _128mdkaa _1cvmnqa1 _4davt94y _19itglyw _vchhusvi _r06hglyw _80omtlke _2rkofajl _11c8fhey _v5649dqc _189eidpf _1rjcv77o _1e0c116y _1bsb1wug _p12f1osq _kqswh2mm _4cvr1q9y _1bah1h6o _gy1p1b66 _1o9zidpf _4t3i1k8s _k48p1wq8 _y4tiutpp _bozgu2gc _y3gn1h6o _s7n4nkob _14mj1kw7 _9v7aze3t _1tv3nqa1 _39yqe4h9 _11fnglyw _18postnw _bfhk1vbi _syaz15cr _105315cr _f8pj15cr _30l315cr _9h8h15cr _irr37gr8 _1di61wu2 _4bfu1r31 _1hmsglyw _ajmmnqa1 _1a3b1r31 _4fprglyw _5goinqa1 _9oik1r31 _1bnxglyw _jf4cnqa1 _1nrm1r31 _c2waglyw _1iohnqa1"
                          data-testid="login-create-token"
                          type="button"
                        >
                          <span
                            class="_v564g17y _1e0c1txw _16jlidpf _1o9zidpf _1wpz1h6o _1wybidpf _vwz4idpf _uiztglyw _1he91b66 _w795v77o"
                          >
                            <span
                              aria-hidden="true"
                              class="_1e0c1o8l _vchhusvi _1o9zidpf _vwz4utpp _y4ti1igz _bozg1mb9 _12va1onz _jcxd1r8n"
                              style="color: currentcolor;"
                            >
                              <svg
                                class="_1reo15vq _18m915vq _syaz1r31 _lcxvglyw _s7n4yfq0 _vc881r31 _1bsbutpp _4t3iutpp"
                                fill="none"
                                role="presentation"
                                viewBox="0 0 16 16"
                              >
                                <path
                                  clip-rule="evenodd"
                                  d="M8 1.5A2.5 2.5 0 0 0 5.5 4v3h5V4A2.5 2.5 0 0 0 8 1.5M12 7V4a4 4 0 0 0-8 0v3a2 2 0 0 0-2 2v5a2 2 0 0 0 2 2h8a2 2 0 0 0 2-2V9a2 2 0 0 0-2-2M4 8.5a.5.5 0 0 0-.5.5v5a.5.5 0 0 0 .5.5h8a.5.5 0 0 0 .5-.5V9a.5.5 0 0 0-.5-.5zM7.25 13v-3h1.5v3z"
                                  fill="currentcolor"
                                  fill-rule="evenodd"
                                />
                              </svg>
                            </span>
                          </span>
                          <span
                            class="_v564g17y _1reo15vq _18m915vq _16jlkb7n _1o9zkb7n _1bto1l2s _o5721q9c"
                          >
                            Create API token
                          </span>
                        </button>
                      </div>
                      <div
                        class="css-k5cxwk"
                      >
                        and paste above
                      </div>
                    </div>
                  </span>
                </div>
              </div>
            </div>
          </form>
        </div>
      </div>
      <div
        class="css-ujmiwr"
      >
        <div
          class="css-1fxbet0"
        >
          <div
            role="presentation"
          >
            <button
              class="_ymio1r31 _ypr0glyw _zcxs1o36 _mizu194a _1ah3dkaa _ra3xnqa1 _128mdkaa _1cvmnqa1 _4davt94y _19itglyw _vchhusvi _r06hglyw _80omtlke _2rkofajl _11c8fhey _v5649dqc _189eidpf _1rjc12x7 _1e0c116y _1bsb1wug _p12f1osq _kqswh2mm _4cvr1q9y _1bah1h6o _gy1p1b66 _1o9zidpf _4t3iviql _k48p1wq8 _y4tiutpp _bozgu2gc _y3gn1h6o _s7n4nkob _14mj1kw7 _9v7aze3t _1tv3nqa1 _39yqe4h9 _11fnglyw _18postnw _bfhkqtfy _syazazsu _1053azsu _f8pjazsu _30l3azsu _9h8hazsu _irr34mfv _1di619qy _4bfu1r31 _1hmsglyw _ajmmnqa1 _1a3b1r31 _4fprglyw _5goinqa1 _9oik1r31 _1bnxglyw _jf4cnqa1 _1nrm1r31 _c2waglyw _1iohnqa1"
              data-testid="login-docs"
              type="button"
            >
              <span
                class="_v564g17y _1e0c1txw _16jlidpf _1o9zidpf _1wpz1h6o _1wybidpf _vwz4idpf _uiztglyw _1he91b66 _w795v77o"
              >
                <span
                  aria-hidden="true"
                  class="_1e0c1o8l _vchhusvi _1o9zidpf _vwz4kb7n _y4ti1igz _bozg1mb9 _12va1onz _jcxd1r8n"
                  style="color: currentcolor;"
                >
                  <svg
                    class="_1reo15vq _18m915vq _syaz1r31 _lcxvglyw _s7n4yfq0 _vc881r31 _1bsbpxbi _4t3ipxbi"
                    fill="none"
                    role="presentation"
                    viewBox="0 0 16 16"
                  >
                    <path
                      clip-rule="evenodd"
                      d="M3 2.5a.5.5 0 0 0-.5.5v10a.5.5 0 0 0 .5.5h10a.5.5 0 0 0 .5-.5v-3H15v3a2 2 0 0 1-2 2H3a2 2 0 0 1-2-2V3a2 2 0 0 1 2-2h3v1.5zM10 1h4.25a.75.75 0 0 1 .75.75V6h-1.5V3.56L7.53 9.53 6.47 8.47l5.97-5.97H10z"
                      fill="currentcolor"
                      fill-rule="evenodd"
                    />
                  </svg>
                </span>
              </span>
              <span
                class="_v564g17y _1reo15vq _18m915vq _16jlkb7n _1o9zkb7n _1bto1l2s _o5721q9c"
              >
                Docs
              </span>
            </button>
          </div>
          <div
            aria-label="Form submit options"
            class="css-1oy5iav"
            role="group"
          >
            <button
              class="_ymio1r31 _ypr0glyw _zcxs1o36 _mizu194a _1ah3dkaa _ra3xnqa1 _128mdkaa _1cvmnqa1 _4davt94y _19itglyw _vchhusvi _r06hglyw _80omtlke _2rkofajl _11c8fhey _v5649dqc _189eidpf _1rjc12x7 _1e0c116y _1bsb1wug _p12f1osq _kqswh2mm _4cvr1q9y _1bah1h6o _gy1p1b66 _1o9zidpf _4t3iviql _k48p1wq8 _y4tiutpp _bozgutpp _y3gn1h6o _s7n4nkob _14mj1kw7 _9v7aze3t _1tv3nqa1 _39yqe4h9 _11fnglyw _18postnw _bfhkqtfy _syazazsu _1053azsu _f8pjazsu _30l3azsu _9h8hazsu _irr34mfv _1di619qy _4bfu1r31 _1hmsglyw _ajmmnqa1 _1a3b1r31 _4fprglyw _5goinqa1 _9oik1r31 _1bnxglyw _jf4cnqa1 _1nrm1r31 _c2waglyw _1iohnqa1"
              data-testid="login-cancel"
              type="button"
            >
              <span
                class="_v564g17y _1reo15vq _18m915vq _16jlkb7n _1o9zkb7n _1bto1l2s _o5721q9c"
              >
                Cancel
              </span>
            </button>
            <button
              class="_ymio1r31 _ypr0glyw _zcxs1o36 _mizu194a _1ah3dkaa _ra3xnqa1 _128mdkaa _1cvmnqa1 _4davt94y _19itglyw _vchhusvi _r06hglyw _80omtlke _2rkofajl _11c8fhey _v5649dqc _189eidpf _1rjc12x7 _1e0c116y _1bsb1wug _p12f1osq _kqswh2mm _4cvr1q9y _1bah1h6o _gy1p1b66 _1o9zidpf _4t3iviql _k48p1wq8 _y4tiutpp _bozgu2gc _y3gn1h6o _s7n4nkob _14mj1kw7 _9v7aze3t _1tv3nqa1 _39yqe4h9 _11fnglyw _18postnw _bfhkomb0 _syaz15cr _105315cr _f8pj15cr _30l315cr _9h8h15cr _irr31wqm _1di617hq _4bfu1r31 _1hmsglyw _ajmmnqa1 _1a3b1r31 _4fprglyw _5goinqa1 _9oik1r31 _1bnxglyw _jf4cnqa1 _1nrm1r31 _c2waglyw _1iohnqa1"
              data-testid="login-submit"
              form="login-form"
              type="submit"
            >
              <span
                class="_v564g17y _1e0c1txw _16jlidpf _1o9zidpf _1wpz1h6o _1wybidpf _vwz4idpf _uiztglyw _1he91b66 _w795v77o"
              >
                <span
                  aria-hidden="true"
                  class="_1e0c1o8l _vchhusvi _1o9zidpf _vwz4kb7n _y4ti1igz _bozg1mb9 _12va1onz _jcxd1r8n"
                  style="color: currentcolor;"
                >
                  <svg
                    class="_1reo15vq _18m915vq _syaz1r31 _lcxvglyw _s7n4yfq0 _vc881r31 _1bsbpxbi _4t3ipxbi"
                    fill="none"
                    role="presentation"
                    viewBox="0 0 16 16"
                  >
                    <path
                      clip-rule="evenodd"
                      d="M13 2.5H8V1h5a2 2 0 0 1 2 2v10a2 2 0 0 1-2 2H8v-1.5h5a.5.5 0 0 0 .5-.5V3a.5.5 0 0 0-.5-.5M7.44 7.25 5.22 5.03l1.06-1.06 3.5 3.5a.75.75 0 0 1 0 1.06l-3.5 3.5-1.06-1.06 2.22-2.22H1v-1.5z"
                      fill="currentcolor"
                      fill-rule="evenodd"
                    />
                  </svg>
                </span>
              </span>
              <span
                class="_v564g17y _1reo15vq _18m915vq _16jlkb7n _1o9zkb7n _1bto1l2s _o5721q9c"
              >
                Login
              </span>
            </button>
          </div>
        </div>
      </div>
    </div>
  </div>,
  "debug": [Function],
  "findAllByAltText": [Function],
  "findAllByDisplayValue": [Function],
  "findAllByLabelText": [Function],
  "findAllByPlaceholderText": [Function],
  "findAllByRole": [Function],
  "findAllByTestId": [Function],
  "findAllByText": [Function],
  "findAllByTitle": [Function],
  "findByAltText": [Function],
  "findByDisplayValue": [Function],
  "findByLabelText": [Function],
  "findByPlaceholderText": [Function],
  "findByRole": [Function],
  "findByTestId": [Function],
  "findByText": [Function],
  "findByTitle": [Function],
  "getAllByAltText": [Function],
  "getAllByDisplayValue": [Function],
  "getAllByLabelText": [Function],
  "getAllByPlaceholderText": [Function],
  "getAllByRole": [Function],
  "getAllByTestId": [Function],
  "getAllByText": [Function],
  "getAllByTitle": [Function],
  "getByAltText": [Function],
  "getByDisplayValue": [Function],
  "getByLabelText": [Function],
  "getByPlaceholderText": [Function],
  "getByRole": [Function],
  "getByTestId": [Function],
  "getByText": [Function],
  "getByTitle": [Function],
  "queryAllByAltText": [Function],
  "queryAllByDisplayValue": [Function],
  "queryAllByLabelText": [Function],
  "queryAllByPlaceholderText": [Function],
  "queryAllByRole": [Function],
  "queryAllByTestId": [Function],
  "queryAllByText": [Function],
  "queryAllByTitle": [Function],
  "queryByAltText": [Function],
  "queryByDisplayValue": [Function],
  "queryByLabelText": [Function],
  "queryByPlaceholderText": [Function],
  "queryByRole": [Function],
  "queryByTestId": [Function],
  "queryByText": [Function],
  "queryByTitle": [Function],
  "rerender": [Function],
  "unmount": [Function],
}
`;
